---
title: 06장. SELinux 보안 관리
excerpt: SELinux를 통한 보호와 SELinux 모드 변경 및 설정, semanage, restorecon, setsebool, sealert 명령
lang: ko
layout: single.private
categories:
  - RHCSA
---

# SELinux 적용 모드 변경

## SELinux

**SELinux**는 프로세스와 리소스 간에 정의된 작업만을 허용해 보호한다.

### 작동 모드

- **Enforcing(default)**: 로드된 정책 적용
- **Permissive**: 정책 로드 및 활성화는 작동하지만, 액세스 제어 규칙은 적용하지 않은 채 액세스 위반만을 기록
- **Disabled**: 비활성화

### SELinux 레이블

```bash
# 형식: <SELinux user>:<Role>:<Type>:<Level> <file>
unconfined_u:object_r:http_sys_content_t:s0 /var/www/html/file2
```

## SELinux 모드 변경

- 명령어를 통한 변경
    - `getenforce` 명령: 현재 SELinux 모드 보기
    - `setenforce` 명령: 현재 SELinux 모드 변경
- 커널 매개 변수 수정
    - `enforcing=0` : **permissive** 모드 부팅
    - `enforcing=1` : **enforcing** 모드 부팅
- `/etc/selinux/config` 파일을 통한 변경 - 영구적 변경
    - `SELINUX=<mode>` 부분을 변경
        - `<mode>` - **enforcing**, **permissive**, **disabled** 셋 중 선택

# SELinux 파일 컨텍스트 제어

## SELinux 컨텍스트 최초 지정

- `ls -Z` 명령: 파일의 **SELinux 컨텍스트** 표시
- `ls -Zd` 명령: 디렉터리의 **SELinux 컨텍스트** 표시
- 아래의 예제는 파일이 초기 생성*(복사본 생성 포함)* 시 해당 디렉터리의 **SELinux 컨텍스트**를 따라가지만, 파일을 이동할 땐 **SELinux 컨텍스트**가 유지됨을 확인할 수 있다.

```bash
[root@host ~]# touch /tmp/file1 /tmp/file2

[root@host ~]# ls -Z /tmp/file*
unconfined_u:object_r:user_tmp_t:s0 /tmp/file1
unconfined_u:object_r:user_tmp_t:s0 /tmp/file2

[root@host ~]# mv /tmp/file1 /var/www/html/
[root@host ~]# cp /tmp/file2 /var/www/html/
[root@host ~]# ls -Z /var/www/html/file*
unconfined_u:object_r:user_tmp_t:s0 /var/www/html/file1
unconfined_u:object_r:httpd_sys_content_t:s0 /var/www/html/file2
```

## SELinux 컨텍스트 변경

`semanage fcontext` 명령이 제일 권장되는 변경 방법이다. `restorecon`, `chcon` 은 거의 사용하지 않는다.

| 옵션 | 설명 |
| --- | --- |
| `-a; --add` | 새로운 Type 추가 |
| `-d; --delete` | 기존 Type 삭제 |
| `-l, --list` | 컨텍스트 목록 확인 |

`(/.*)?` : 정책을 볼 때 사용하는 가장 일반적인 확장 정규 표현식

- 혹시나 시험 볼 때 사용해야 하는데 잘 기억이 안난다면 `semanage fcontext -l` 명령을 사용해 **컨텍스트 정책 규칙**을 보면 찾을 수 있다.

```bash
## example
## : notion 이라는 디렉터리가 있을 때 해당 디렉터리의 기본 컨텍스트를
##   httpd_sys_content_t로 설정

# 먼저 notion 디렉터리를 만들고 기본 컨텍스트 확인
[root@host ~]# mkdir /notion
[root@host ~]# touch /notion/hello.md
[root@host ~]# ls -Zd /notion/
unconfined_u:object_r:default_t:s0 /notion
[root@host ~]# ls -Z /virtual/
unconfined_u:object_r:default_t:s0 hello.md

# notion 디렉터리의 기본 컨텍스트를 httpd_sys_content_t 로 변경
[root@host ~]# semanage fcontext -a -t httpd_sys_content_t '/notion(/.*)?'

# 기본 컨텍스트를 변경했더라도 기존 파일의 최신화는 별개
[root@host ~]# touch /notion/hello2.md
[root@host ~]# ls -Z /virtual/
unconfined_u:object_r:default_t:s0 hello.md
unconfined_u:object_r:default_t:s0 hello2.md

# restorecon 명령어를 통해 컨텍스트 업데이트
[root@host ~]# restorecon -RFv /notion
Relabeled /notion from unconfined_u:object_r:default_t:s0 to
 system_u:object_r:httpd_sys_content_t:s0
Relabeled /notion/hello.md from unconfined_u:object_r:default_t:s0 to
 system_u:object_r:httpd_sys_content_t:s0
 
 # 잘 변경됐는지 확인
[root@host ~]# ls -Zd /notion/
system_u:object_r:httpd_sys_content_t:s0 /notion/
[root@host ~]# ls -Z /notion/
system_u:object_r:httpd_sys_content_t:s0 hello.md
system_u:object_r:httpd_sys_content_t:s0 hello2.md

# restorecon 이후 새로 생성되는 파일도 자동으로 컨텍스트 업데이트
[root@host ~]# touch /notion/hello3.md
[root@host ~]# ls -Z /virtual/
system_u:object_r:httpd_sys_content_t:s0 hello.md
system_u:object_r:httpd_sys_content_t:s0 hello2.md
system_u:object_r:httpd_sys_content_t:s0 hello3.md

[root@host ~]# semanage fcontext -l -C
SELinux fcontext type Context
/notion(/.*)? all files system_u:object_r:httpd_sys_content_t:s0
```

# 부울을 사용하여 SELinux 정책 조정

## SELinux 부울

- `setsebool` 명령 : SELinux 정책 규칙을 활성화 또는 비활성화
- `getsebool -a` 명령 : 시스템에 사용되는 타겟 정책에 대한 부울 및 부울 상태 보기

```bash
# httpd_enable_homedirs 부울 상태 확인
getsebool httpd_enable_homedirs

# httpd_enable_homedirs 부울의 추가 정보 확인
semanage boolean -l | grep httpd_enable_homedirs

# httpd_enable_homedirs 부울을 일시적으로 on으로 변경
setsebool httpd_enable_homedirs on

# (off, off) -> (on, off)로 변경됐음을 확인
semanage boolean -l | grep httpd_enable_homedirs

# 부울 상태가 on으로 잘 표시되는지 확인
getsebool httpd_enable_homedirs

# httpd_enable_homedirs 부울을 영구적으로 on으로 변경
setsebool -P httpd_enable_homedirs on

# (on, off) -> (on, on)으로 변경됐음을 확인
semanage boolean -l | grep httpd_enable_homedirs
# 아래의 명령을 이용하면 grep을 거치지 않고도 확인 가능
# 참고로 여기서 `C`는 locallist로, 기본 설정에서 변경된 부분만 추려준다.
semanage boolean -l -C
```

# SELinux 문제 조사 및 해결

전체적으로 SELinux에 의한 액세스 차단 현상을 해결하고자 할 때의 조치를 다룬 파트이다. 파트 전체를 요약해 코드로 표현하자면 아래와 같다.

## 요약 실습

### 예제 환경 구성

```bash
# root에서 파일을 생성
# -> 해당 파일의 SELinux 컨텍스트: 'admin_homt_t'
touch /root/mypage

# Apache를 통해 접근할 수 있도록 파일 위치 이동
mv /root/mypage /var/www/html

# httpd 서비스 재구성
systemctl restart httpd

# SELinux 컨텍스트가 httpd 접근 권한이 부여되지 않은 상태
# -> 'permission denied' 오류 발생
curl http://localhost/mypage
```

### SELinux 접근 문제 해결하기

```bash
# 각 로그 파일을 통해 sealert 명령과 UUID를 확인
tail /var/log/audit/audit.log
## ...
## type=AVC msg=audit(1649249057.067:212): avc: denied { getattr }
##  for pid=2332 comm="httpd" path="/var/www/html/mypage"
##  dev="vda4" ino=9322502 scontext=system_u:system_r:httpd_t:s0
##  tcontext=unconfined_u:object_r:admin_home_t:s0 tclass=file permissive=0
## ...
tail /var/log/messages
## ...
## Apr 6 08:44:19 host setroubleshoot[2547]: SELinux is preventing /usr/sbin/httpd
##  from getattr access on the file /var/www/html/mypage. For complete SELinux
##  messages run: sealert -l 95f41f98-6b56-45bc-95da-ce67ec9a9ab7
## ...

# 맨 아랫줄을 통해 확인한 명령 실행
# -> .../mypage 파일이 'httpd_sys_content_t'로 설정되어야 함을 나타냄
sealert -l 95f41f98-6b56-45bc-95da-ce67ec9a9ab7
## ...
## /var/www/html/mypage default label should be httpd_sys_content_t.
## ...

# 올바른 SELinux 컨텍스트로 변경
restorecon -R /var/www/html
```